┌ Market Status History (last 5 days) ─────────────────────────────────────────────────────────────┐
│ DATE          STATUS                                                                             │
│ 2026-07-07    OPEN                                                                               │
│ 2026-07-08    OPEN                                                                               │
│ 2026-07-09    EARLY-CLOSE                                                                        │
│ 2026-07-10    CLOSED                                                                             │
│ 2026-07-11    OPEN                                                                               │
│                                                                                                  │
│ esc to close                                                                                     │
└──────────────────────────────────────────────────────────────────────────────────────────────────┘