┌ Add Symbol ──────────────────────────────────────────────────────────────────────────────────────┐
│ Enter a symbol to add to the watchlist.                                                          │
│                                                                                                  │
│ > TS                                                                                             │
│                                                                                                  │
│ enter to add, esc to cancel                                                                      │
└──────────────────────────────────────────────────────────────────────────────────────────────────┘