┌ Day Performance ─────────────────────────────────────────────────────────────────────────────────┐
│ SYMBOL         OPEN      HIGH       LOW     CLOSE      CHG%         VOLUME                       │
│ AAPL         231.86    233.50    231.20    233.10    +0.53%     41,203,110                       │
│ MSFT         514.45    515.00    511.80    512.44    -0.39%     18,113,020                       │
│ META         508.90    513.20    508.50    512.00    +0.61%      9,876,543                       │
│ SPY          561.10    561.50    559.80    560.25    -0.15%     55,432,111                       │
│ VFINX        399.00    400.50    398.50    400.10    +0.28%              0                       │
│                                                                                                  │
│ esc to close                                                                                     │
└──────────────────────────────────────────────────────────────────────────────────────────────────┘