┌ AAPL  233.10  ─  contract detail ────────────────────────────────────────────────────────────────┐
│ AAPL260821C00233000                                                                              │
│                                                                                                  │
│ Bid  3.05 x 12   Ask  3.15 x 8   Mid  3.10   Last 3.12                                           │
│ Delta 0.52   Gamma 0.0310   Theta -0.08   Vega 0.15   IV 0.26                                    │
│ Intrinsic 0.10   Extrinsic 3.00   DTE 41   Updated 2026-07-11 14:30                              │
│                                                                                                  │
│ [esc] close                                                                                      │
├──────────────────────────────────────────────────────────────────────────────────────────────────┤
│ credits 8,820/100,000 used   [/] lookup  [g] greeks  [c/p/b] side  [+/-] rng                     │
│ [no error]                                                                                       │
└──────────────────────────────────────────────────────────────────────────────────────────────────┘