┌ AAPL  233.10  ─  options chain ──────────────────────────────────────────────────────────────────┐
│ DEMO MODE — AAPL data only                                                                       │
│ EXPIRATIONS │    STRIKE      BID    ASK    MID   LAST     VOL      OI    IV                      │
│ 2026-07-17  │  • 225 C      9.10   9.25   9.18   9.20   3,201  12,410  0.28                      │
│ 2026-07-24  │  • 230 C      5.40   5.55   5.48   5.50   8,113  22,081  0.27                      │
│▶2026-08-21  │▶A  233 C      3.05   3.15   3.10   3.12  11,402  31,220  0.26                      │
│  (41 DTE)   │  • 235 P      4.85   4.95   4.90   4.88   6,240  18,377  0.27                      │
│ 2026-09-18  │                                                                                    │
│ 2026-10-16  │ ── PINNED ─────────────────────────────────────────────────────────────────────────│
│             │  AAPL260821C00233000  3.10  Δ0.52   AAPL260918P00230000  2.15  Δ-0.31              │
├──────────────────────────────────────────────────────────────────────────────────────────────────┤
│ credits 8,820/100,000 used   [/] lookup  [g] greeks  [c/p/b] side  [+/-] rng                     │
│ [no error]                                                                                       │
└──────────────────────────────────────────────────────────────────────────────────────────────────┘