┌ AAPL  233.10  ─  options chain ──────────────────────────────────────────────────────────────────┐
│ EXPIRATIONS │    STRIKE        Δ      Γ      Θ      V    IV                                      │
│ 2026-07-17  │  • 225 C      0.81 0.0150  -0.06   0.11  0.28                                      │
│ 2026-07-24  │  • 230 C      0.68 0.0220  -0.07   0.14  0.27                                      │
│▶2026-08-21  │▶A  233 C      0.52 0.0310  -0.08   0.15  0.26                                      │
│  (41 DTE)   │  • 235 P     -0.48 0.0300  -0.07   0.15  0.27                                      │
│ 2026-09-18  │                                                                                    │
│ 2026-10-16  │ ── PINNED ─────────────────────────────────────────────────────────────────────────│
│             │  AAPL260821C00233000  3.10  Δ0.52   AAPL260918P00230000  2.15  Δ-0.31              │
├──────────────────────────────────────────────────────────────────────────────────────────────────┤
│ credits 8,820/100,000 used   [/] lookup  [g] greeks  [c/p/b] side  [+/-] rng                     │
│ [no error]                                                                                       │
└──────────────────────────────────────────────────────────────────────────────────────────────────┘