┌ AAPL  233.10  ─  options chain ──────────────────────────────────────────────────────────────────┐
│ EXPIRATIONS │    STRIKE      BID    ASK    MID   LAST     VOL      OI    IV                      │
│ 2026-07-17  │  ▲ 20 more                                                                         │
│ 2026-07-24  │  • 200 C      1.00   1.10   1.05   1.02   1,000   5,000  0.25                      │
│▶2026-08-21  │    200 P      1.00   1.10   1.05   1.02   1,000   5,000  0.25                      │
│  (41 DTE)   │  • 205 C      1.00   1.10   1.05   1.02   1,000   5,000  0.25                      │
│ 2026-09-18  │    205 P      1.00   1.10   1.05   1.02   1,000   5,000  0.25                      │
│ 2026-10-16  │  • 210 C      1.00   1.10   1.05   1.02   1,000   5,000  0.25                      │
│             │    210 P      1.00   1.10   1.05   1.02   1,000   5,000  0.25                      │
│             │  • 215 C      1.00   1.10   1.05   1.02   1,000   5,000  0.25                      │
│             │    215 P      1.00   1.10   1.05   1.02   1,000   5,000  0.25                      │
│             │  • 220 C      1.00   1.10   1.05   1.02   1,000   5,000  0.25                      │
│             │    220 P      1.00   1.10   1.05   1.02   1,000   5,000  0.25                      │
│             │  • 225 C      1.00   1.10   1.05   1.02   1,000   5,000  0.25                      │
│             │    225 P      1.00   1.10   1.05   1.02   1,000   5,000  0.25                      │
│             │  • 230 C      1.00   1.10   1.05   1.02   1,000   5,000  0.25                      │
│             │    230 P      1.00   1.10   1.05   1.02   1,000   5,000  0.25                      │
│             │▶A  235 C      1.00   1.10   1.05   1.02   1,000   5,000  0.25                      │
│             │  • 235 P      1.00   1.10   1.05   1.02   1,000   5,000  0.25                      │
│             │    240 C      1.00   1.10   1.05   1.02   1,000   5,000  0.25                      │
│             │  • 240 P      1.00   1.10   1.05   1.02   1,000   5,000  0.25                      │
│             │    245 C      1.00   1.10   1.05   1.02   1,000   5,000  0.25                      │
│             │  • 245 P      1.00   1.10   1.05   1.02   1,000   5,000  0.25                      │
│             │    250 C      1.00   1.10   1.05   1.02   1,000   5,000  0.25                      │
│             │  • 250 P      1.00   1.10   1.05   1.02   1,000   5,000  0.25                      │
│             │    255 C      1.00   1.10   1.05   1.02   1,000   5,000  0.25                      │
│             │  • 255 P      1.00   1.10   1.05   1.02   1,000   5,000  0.25                      │
│             │    260 C      1.00   1.10   1.05   1.02   1,000   5,000  0.25                      │
│             │  • 260 P      1.00   1.10   1.05   1.02   1,000   5,000  0.25                      │
│             │    265 C      1.00   1.10   1.05   1.02   1,000   5,000  0.25                      │
│             │  • 265 P      1.00   1.10   1.05   1.02   1,000   5,000  0.25                      │
│             │    270 C      1.00   1.10   1.05   1.02   1,000   5,000  0.25                      │
│             │  ▼ 51 more                                                                         │
│             │                                                                                    │
│             │ ── PINNED ─────────────────────────────────────────────────────────────────────────│
│             │  AAPL260821C00233000  3.10  Δ0.52   AAPL260918P00230000  2.15  Δ-0.31              │
├──────────────────────────────────────────────────────────────────────────────────────────────────┤
│ credits 8,820/100,000 used   [/] lookup  [g] greeks  [c/p/b] side  [+/-] rng                     │
│ [no error]                                                                                       │
└──────────────────────────────────────────────────────────────────────────────────────────────────┘