┌ AAPL  233.10  ─  options chain ──────────────────────────────────────────────────────────────────┐
│ EXPIRATIONS │    STRIKE      BID    ASK    MID   LAST     VOL      OI    IV                      │
│ 2026-07-17  │                                                                                    │
│ 2026-07-24  │  (no data for expiration)                                                          │
│▶2026-08-21  │                                                                                    │
│  (41 DTE)   │ ── PINNED ─────────────────────────────────────────────────────────────────────────│
│ 2026-09-18  │  AAPL260821C00233000  3.10  Δ0.52   AAPL260918P00230000  2.15  Δ-0.31              │
│ 2026-10-16  │                                                                                    │
├──────────────────────────────────────────────────────────────────────────────────────────────────┤
│ credits 8,820/100,000 used   [/] lookup  [g] greeks  [c/p/b] side  [+/-] rng                     │
│ no data for expiration                                                                           │
└──────────────────────────────────────────────────────────────────────────────────────────────────┘